Push debug log - entries appended by send_call_push.php
{"event":"send_call_push_invoked","caller_id":2,"callee_id":164,"call_request_id":270,"raw":{"token":"0d2e6f72383ef6e34edbff3525f6a6f8b72b1d385e8cbedd60a593b14654e434","caller_id":2,"callee_id":"164","call_request_id":270},"ts":"2026-04-09T18:39:41+00:00"}
{"event":"push_targets_found","callee_id":164,"web_push_count":2,"android_count":10,"ts":"2026-04-09T18:39:41+00:00"}
{"event":"webpush_report","endpoint":"https:\/\/fcm.googleapis.com\/fcm\/send\/d0UHLSbU2v4:APA91bG743pX0nqEoFOLfGnv3OLKCNZriUfrM_Y5z2HjwwU7mNTB_Tv143ooA-jNCEwgYfqRPLu3UHEov326RREZdJcf8zWJsmxtwiLOUQu84rd1LEFg67HXEdwQptDbVnaTaoPPegHk","success":false,"reason":"Client error: `POST https:\/\/fcm.googleapis.com\/fcm\/send\/d0UHLSbU2v4:APA91bG743pX0nqEoFOLfGnv3OLKCNZriUfrM_Y5z2HjwwU7mNTB_Tv143ooA-jNCEwgYfqRPLu3UHEov326RREZdJcf8zWJsmxtwiLOUQu84rd1LEFg67HXEdwQptDbVnaTaoPPegHk` resulted in a `410 Gone` response:\npush subscription has unsubscribed or expired.\n\n","ts":"2026-04-09T18:39:42+00:00"}
{"event":"webpush_report","endpoint":"https:\/\/fcm.googleapis.com\/fcm\/send\/cpuA7h9HFUw:APA91bEhhYT8Cl7n9DZryfiqzLieWyj2PFUEZew1O4l0T451Z7YJrZ1W6ffAmI40opB6QYoxSvqQtuM0iqbA2g8spE-up4ZNXOGmJU6zaW5TC6J_FaqfxuufgWyEWxbcfiimqcLsECEx","success":true,"reason":"OK","ts":"2026-04-09T18:39:42+00:00"}
{"event":"android_push_result","callee_id":164,"result":{"success":false,"skipped":"missing_firebase_service_account"},"ts":"2026-04-09T18:39:42+00:00"}
{"event":"send_call_push_invoked","caller_id":2,"callee_id":164,"call_request_id":271,"raw":{"token":"0d2e6f72383ef6e34edbff3525f6a6f8b72b1d385e8cbedd60a593b14654e434","caller_id":2,"callee_id":"164","call_request_id":271},"ts":"2026-04-09T18:41:36+00:00"}
{"event":"push_targets_found","callee_id":164,"web_push_count":1,"android_count":10,"ts":"2026-04-09T18:41:36+00:00"}
{"event":"webpush_report","endpoint":"https:\/\/fcm.googleapis.com\/fcm\/send\/cpuA7h9HFUw:APA91bEhhYT8Cl7n9DZryfiqzLieWyj2PFUEZew1O4l0T451Z7YJrZ1W6ffAmI40opB6QYoxSvqQtuM0iqbA2g8spE-up4ZNXOGmJU6zaW5TC6J_FaqfxuufgWyEWxbcfiimqcLsECEx","success":true,"reason":"OK","ts":"2026-04-09T18:41:36+00:00"}
{"event":"android_push_result","callee_id":164,"result":{"success":false,"skipped":"missing_firebase_service_account"},"ts":"2026-04-09T18:41:36+00:00"}
{"event":"send_call_push_invoked","caller_id":2,"callee_id":164,"call_request_id":272,"raw":{"token":"0d2e6f72383ef6e34edbff3525f6a6f8b72b1d385e8cbedd60a593b14654e434","caller_id":2,"callee_id":"164","call_request_id":272},"ts":"2026-04-09T18:42:03+00:00"}
{"event":"push_targets_found","callee_id":164,"web_push_count":2,"android_count":10,"ts":"2026-04-09T18:42:03+00:00"}
{"event":"webpush_report","endpoint":"https:\/\/fcm.googleapis.com\/fcm\/send\/cpuA7h9HFUw:APA91bEhhYT8Cl7n9DZryfiqzLieWyj2PFUEZew1O4l0T451Z7YJrZ1W6ffAmI40opB6QYoxSvqQtuM0iqbA2g8spE-up4ZNXOGmJU6zaW5TC6J_FaqfxuufgWyEWxbcfiimqcLsECEx","success":true,"reason":"OK","ts":"2026-04-09T18:42:03+00:00"}
{"event":"webpush_report","endpoint":"https:\/\/fcm.googleapis.com\/fcm\/send\/fAmNdrCkk2w:APA91bFNx6bx1piWmaPlI1UTmqJWgAgcT0tv0bEUDrk0iW70iWSNp5FZ7MeTl8k_5w1eqnHDcFPTXe--h9u5l_ir0neWS6x72AdAta1kpJYVwg8U7D0_7wytCCG3y8e2dlYfqgxQlgZG","success":true,"reason":"OK","ts":"2026-04-09T18:42:03+00:00"}
{"event":"android_push_result","callee_id":164,"result":{"success":false,"skipped":"missing_firebase_service_account"},"ts":"2026-04-09T18:42:03+00:00"}
{"event":"send_call_push_invoked","caller_id":2,"callee_id":164,"call_request_id":273,"raw":{"token":"0d2e6f72383ef6e34edbff3525f6a6f8b72b1d385e8cbedd60a593b14654e434","caller_id":2,"callee_id":"164","call_request_id":273},"ts":"2026-04-09T18:47:04+00:00"}
{"event":"push_targets_found","callee_id":164,"web_push_count":2,"android_count":10,"ts":"2026-04-09T18:47:04+00:00"}
{"event":"webpush_report","endpoint":"https:\/\/fcm.googleapis.com\/fcm\/send\/cpuA7h9HFUw:APA91bEhhYT8Cl7n9DZryfiqzLieWyj2PFUEZew1O4l0T451Z7YJrZ1W6ffAmI40opB6QYoxSvqQtuM0iqbA2g8spE-up4ZNXOGmJU6zaW5TC6J_FaqfxuufgWyEWxbcfiimqcLsECEx","success":false,"reason":"Client error: `POST https:\/\/fcm.googleapis.com\/fcm\/send\/cpuA7h9HFUw:APA91bEhhYT8Cl7n9DZryfiqzLieWyj2PFUEZew1O4l0T451Z7YJrZ1W6ffAmI40opB6QYoxSvqQtuM0iqbA2g8spE-up4ZNXOGmJU6zaW5TC6J_FaqfxuufgWyEWxbcfiimqcLsECEx` resulted in a `410 Gone` response:\npush subscription has unsubscribed or expired.\n\n","ts":"2026-04-09T18:47:04+00:00"}
{"event":"webpush_report","endpoint":"https:\/\/fcm.googleapis.com\/fcm\/send\/fAmNdrCkk2w:APA91bFNx6bx1piWmaPlI1UTmqJWgAgcT0tv0bEUDrk0iW70iWSNp5FZ7MeTl8k_5w1eqnHDcFPTXe--h9u5l_ir0neWS6x72AdAta1kpJYVwg8U7D0_7wytCCG3y8e2dlYfqgxQlgZG","success":true,"reason":"OK","ts":"2026-04-09T18:47:04+00:00"}
{"event":"android_push_result","callee_id":164,"result":{"success":false,"skipped":"missing_firebase_service_account"},"ts":"2026-04-09T18:47:04+00:00"}
{"event":"send_call_push_invoked","caller_id":164,"callee_id":2,"call_request_id":274,"raw":{"token":"d5b05209785a788fa6bf6db52fcb62f5a0ae3ae6d2a021c90f39391d3c3fb1b2","caller_id":164,"callee_id":"2","call_request_id":274},"ts":"2026-04-09T18:55:43+00:00"}
{"event":"push_targets_found","callee_id":2,"web_push_count":6,"android_count":2,"ts":"2026-04-09T18:55:43+00:00"}
{"event":"webpush_report","endpoint":"https:\/\/fcm.googleapis.com\/fcm\/send\/eZ-hBcNR6U4:APA91bEO2UEEnLwFUcoW9ZAXaTS3JgM4Cp9K2xoBIDrJWV8lQ5hC7SMsOP_0VEL7NsmhDKL_IBtxFpezta57zic6vS8Gi0EiYAvM0yNlalkNw7uhf_IurAlDtTgN7cOof8jK_UKBvzTp","success":false,"reason":"Client error: `POST https:\/\/fcm.googleapis.com\/fcm\/send\/eZ-hBcNR6U4:APA91bEO2UEEnLwFUcoW9ZAXaTS3JgM4Cp9K2xoBIDrJWV8lQ5hC7SMsOP_0VEL7NsmhDKL_IBtxFpezta57zic6vS8Gi0EiYAvM0yNlalkNw7uhf_IurAlDtTgN7cOof8jK_UKBvzTp` resulted in a `410 Gone` response:\npush subscription has unsubscribed or expired.\n\n","ts":"2026-04-09T18:55:44+00:00"}
{"event":"webpush_report","endpoint":"https:\/\/fcm.googleapis.com\/fcm\/send\/elBnIsDei5g:APA91bFMPNWvyXJ5TZNiOsZUzZJSqEXw07ySAp5WiI_CplnyROfqrJIW9d7U1c1t8ZMJpbewjLgkijmyNI4zZ48Ko8YDQHHafnSsnO4WCL0NrnMnV10v4DizxOhUnOE-mgF0zmxTh8HT","success":false,"reason":"Client error: `POST https:\/\/fcm.googleapis.com\/fcm\/send\/elBnIsDei5g:APA91bFMPNWvyXJ5TZNiOsZUzZJSqEXw07ySAp5WiI_CplnyROfqrJIW9d7U1c1t8ZMJpbewjLgkijmyNI4zZ48Ko8YDQHHafnSsnO4WCL0NrnMnV10v4DizxOhUnOE-mgF0zmxTh8HT` resulted in a `410 Gone` response:\npush subscription has unsubscribed or expired.\n\n","ts":"2026-04-09T18:55:44+00:00"}
{"event":"webpush_report","endpoint":"https:\/\/fcm.googleapis.com\/fcm\/send\/ew_x-lL9L3U:APA91bExs2XgRZKWXL39wWiPoWMgCUAMGwpoaxWzL7l_Mkc43la_AN_g-Mg91hh2jRbPuAY9ShCNLgzGGeNxX458NJT8aEYGEB3dPvaBSi4mP3GDNLztC9vf5BPxEJMn0vR0hWMaruLO","success":false,"reason":"Client error: `POST https:\/\/fcm.googleapis.com\/fcm\/send\/ew_x-lL9L3U:APA91bExs2XgRZKWXL39wWiPoWMgCUAMGwpoaxWzL7l_Mkc43la_AN_g-Mg91hh2jRbPuAY9ShCNLgzGGeNxX458NJT8aEYGEB3dPvaBSi4mP3GDNLztC9vf5BPxEJMn0vR0hWMaruLO` resulted in a `410 Gone` response:\npush subscription has unsubscribed or expired.\n\n","ts":"2026-04-09T18:55:44+00:00"}
{"event":"webpush_report","endpoint":"https:\/\/fcm.googleapis.com\/fcm\/send\/ch2AIMXI8S8:APA91bHz6gSx6EbT_EaerG9dPd7-zNtx04MpiCl2Dm5wW39Dt8nPxGhrXvpIpKxDO2_t-JiNLUUqiOoZigxSOpTUV0vrj1pvLnIxlQiMd4XIDvAfGJ0IXDZtSu7gVk8atQyBq6FVOqSB","success":false,"reason":"Client error: `POST https:\/\/fcm.googleapis.com\/fcm\/send\/ch2AIMXI8S8:APA91bHz6gSx6EbT_EaerG9dPd7-zNtx04MpiCl2Dm5wW39Dt8nPxGhrXvpIpKxDO2_t-JiNLUUqiOoZigxSOpTUV0vrj1pvLnIxlQiMd4XIDvAfGJ0IXDZtSu7gVk8atQyBq6FVOqSB` resulted in a `410 Gone` response:\npush subscription has unsubscribed or expired.\n\n","ts":"2026-04-09T18:55:44+00:00"}
{"event":"webpush_report","endpoint":"https:\/\/fcm.googleapis.com\/fcm\/send\/f2impiZ7hHg:APA91bEMEFcRR9ppDx5cyBHNgcL8SwdHBFoVPAsjx51izCwQRiRp88w0pJJeqZ00Vo2aulMzkuTKZFzbNXGvPikGu-JAE7iNQeFaYrTSoxBdfcZS7CkjH-Qn_7Eyogz73KAjvmsqrk2H","success":false,"reason":"Client error: `POST https:\/\/fcm.googleapis.com\/fcm\/send\/f2impiZ7hHg:APA91bEMEFcRR9ppDx5cyBHNgcL8SwdHBFoVPAsjx51izCwQRiRp88w0pJJeqZ00Vo2aulMzkuTKZFzbNXGvPikGu-JAE7iNQeFaYrTSoxBdfcZS7CkjH-Qn_7Eyogz73KAjvmsqrk2H` resulted in a `410 Gone` response:\npush subscription has unsubscribed or expired.\n\n","ts":"2026-04-09T18:55:44+00:00"}
{"event":"webpush_report","endpoint":"https:\/\/fcm.googleapis.com\/fcm\/send\/cyZEkoMwyuY:APA91bFhj7ujRhRXhcDlml23XIal3vpjrwSwxxbrmD388x0Yo1CLEIJRcBig5OFGvhRZGGwESs0awCFP5E7GYso_-iINm36h56aXLXQB1BQZ7RvXhmV1Dxm9aZmNxSDGv1kwbimsqDl_","success":true,"reason":"OK","ts":"2026-04-09T18:55:44+00:00"}
{"event":"android_push_result","callee_id":2,"result":{"success":false,"skipped":"missing_firebase_service_account"},"ts":"2026-04-09T18:55:44+00:00"}
{"event":"send_call_push_invoked","caller_id":2,"callee_id":164,"call_request_id":275,"raw":{"token":"1513265693e67a35c6d16d1b896859aca5be5cf7fe6392cbe151b9f12ab8468e","caller_id":2,"callee_id":164,"call_request_id":275},"ts":"2026-04-09T18:58:44+00:00"}
{"event":"push_targets_found","callee_id":164,"web_push_count":1,"android_count":10,"ts":"2026-04-09T18:58:44+00:00"}
{"event":"webpush_report","endpoint":"https:\/\/fcm.googleapis.com\/fcm\/send\/fAmNdrCkk2w:APA91bFNx6bx1piWmaPlI1UTmqJWgAgcT0tv0bEUDrk0iW70iWSNp5FZ7MeTl8k_5w1eqnHDcFPTXe--h9u5l_ir0neWS6x72AdAta1kpJYVwg8U7D0_7wytCCG3y8e2dlYfqgxQlgZG","success":true,"reason":"OK","ts":"2026-04-09T18:58:44+00:00"}
{"event":"android_push_result","callee_id":164,"result":{"success":false,"skipped":"missing_firebase_service_account"},"ts":"2026-04-09T18:58:44+00:00"}
{"event":"send_call_push_invoked","caller_id":2,"callee_id":164,"call_request_id":276,"raw":{"token":"1513265693e67a35c6d16d1b896859aca5be5cf7fe6392cbe151b9f12ab8468e","caller_id":2,"callee_id":164,"call_request_id":276},"ts":"2026-04-09T18:59:28+00:00"}
{"event":"push_targets_found","callee_id":164,"web_push_count":1,"android_count":10,"ts":"2026-04-09T18:59:28+00:00"}
{"event":"webpush_report","endpoint":"https:\/\/fcm.googleapis.com\/fcm\/send\/fAmNdrCkk2w:APA91bFNx6bx1piWmaPlI1UTmqJWgAgcT0tv0bEUDrk0iW70iWSNp5FZ7MeTl8k_5w1eqnHDcFPTXe--h9u5l_ir0neWS6x72AdAta1kpJYVwg8U7D0_7wytCCG3y8e2dlYfqgxQlgZG","success":true,"reason":"OK","ts":"2026-04-09T18:59:28+00:00"}
{"event":"android_push_result","callee_id":164,"result":{"success":false,"skipped":"missing_firebase_service_account"},"ts":"2026-04-09T18:59:28+00:00"}
{"event":"send_call_push_invoked","caller_id":2,"callee_id":164,"call_request_id":277,"raw":{"token":"1513265693e67a35c6d16d1b896859aca5be5cf7fe6392cbe151b9f12ab8468e","caller_id":2,"callee_id":164,"call_request_id":277},"ts":"2026-04-09T20:25:29+00:00"}
{"event":"push_targets_found","callee_id":164,"web_push_count":1,"android_count":11,"ts":"2026-04-09T20:25:29+00:00"}
{"event":"webpush_report","endpoint":"https:\/\/fcm.googleapis.com\/fcm\/send\/fAmNdrCkk2w:APA91bFNx6bx1piWmaPlI1UTmqJWgAgcT0tv0bEUDrk0iW70iWSNp5FZ7MeTl8k_5w1eqnHDcFPTXe--h9u5l_ir0neWS6x72AdAta1kpJYVwg8U7D0_7wytCCG3y8e2dlYfqgxQlgZG","success":true,"reason":"OK","ts":"2026-04-09T20:25:30+00:00"}
{"event":"android_push_result","callee_id":164,"result":{"success":false,"skipped":"missing_firebase_service_account"},"ts":"2026-04-09T20:25:30+00:00"}
{"event":"send_call_push_invoked","caller_id":2,"callee_id":164,"call_request_id":278,"raw":{"token":"1513265693e67a35c6d16d1b896859aca5be5cf7fe6392cbe151b9f12ab8468e","caller_id":2,"callee_id":164,"call_request_id":278},"ts":"2026-04-09T20:31:00+00:00"}
{"event":"push_targets_found","callee_id":164,"web_push_count":1,"android_count":12,"ts":"2026-04-09T20:31:00+00:00"}
{"event":"webpush_report","endpoint":"https:\/\/fcm.googleapis.com\/fcm\/send\/fAmNdrCkk2w:APA91bFNx6bx1piWmaPlI1UTmqJWgAgcT0tv0bEUDrk0iW70iWSNp5FZ7MeTl8k_5w1eqnHDcFPTXe--h9u5l_ir0neWS6x72AdAta1kpJYVwg8U7D0_7wytCCG3y8e2dlYfqgxQlgZG","success":true,"reason":"OK","ts":"2026-04-09T20:31:01+00:00"}
{"event":"android_push_result","callee_id":164,"result":{"success":false,"skipped":"missing_firebase_service_account"},"ts":"2026-04-09T20:31:01+00:00"}
{"event":"send_call_push_invoked","caller_id":2,"callee_id":164,"call_request_id":279,"raw":{"token":"1513265693e67a35c6d16d1b896859aca5be5cf7fe6392cbe151b9f12ab8468e","caller_id":2,"callee_id":164,"call_request_id":279},"ts":"2026-04-09T21:00:19+00:00"}
{"event":"push_targets_found","callee_id":164,"web_push_count":1,"android_count":13,"ts":"2026-04-09T21:00:19+00:00"}
{"event":"webpush_report","endpoint":"https:\/\/fcm.googleapis.com\/fcm\/send\/fAmNdrCkk2w:APA91bFNx6bx1piWmaPlI1UTmqJWgAgcT0tv0bEUDrk0iW70iWSNp5FZ7MeTl8k_5w1eqnHDcFPTXe--h9u5l_ir0neWS6x72AdAta1kpJYVwg8U7D0_7wytCCG3y8e2dlYfqgxQlgZG","success":true,"reason":"OK","ts":"2026-04-09T21:00:19+00:00"}
{"event":"android_push_result","callee_id":164,"result":{"success":false,"skipped":"missing_firebase_service_account"},"ts":"2026-04-09T21:00:19+00:00"}
{"event":"send_call_push_invoked","caller_id":2,"callee_id":164,"call_request_id":280,"raw":{"token":"1513265693e67a35c6d16d1b896859aca5be5cf7fe6392cbe151b9f12ab8468e","caller_id":2,"callee_id":164,"call_request_id":280},"ts":"2026-04-09T21:00:40+00:00"}
{"event":"push_targets_found","callee_id":164,"web_push_count":1,"android_count":13,"ts":"2026-04-09T21:00:40+00:00"}
{"event":"webpush_report","endpoint":"https:\/\/fcm.googleapis.com\/fcm\/send\/fAmNdrCkk2w:APA91bFNx6bx1piWmaPlI1UTmqJWgAgcT0tv0bEUDrk0iW70iWSNp5FZ7MeTl8k_5w1eqnHDcFPTXe--h9u5l_ir0neWS6x72AdAta1kpJYVwg8U7D0_7wytCCG3y8e2dlYfqgxQlgZG","success":true,"reason":"OK","ts":"2026-04-09T21:00:40+00:00"}
{"event":"android_push_result","callee_id":164,"result":{"success":false,"skipped":"missing_firebase_service_account"},"ts":"2026-04-09T21:00:40+00:00"}
{"event":"send_call_push_invoked","caller_id":2,"callee_id":164,"call_request_id":281,"raw":{"token":"1513265693e67a35c6d16d1b896859aca5be5cf7fe6392cbe151b9f12ab8468e","caller_id":2,"callee_id":164,"call_request_id":281},"ts":"2026-04-09T21:19:30+00:00"}
{"event":"push_targets_found","callee_id":164,"web_push_count":2,"android_count":14,"ts":"2026-04-09T21:19:30+00:00"}
{"event":"webpush_report","endpoint":"https:\/\/fcm.googleapis.com\/fcm\/send\/fAmNdrCkk2w:APA91bFNx6bx1piWmaPlI1UTmqJWgAgcT0tv0bEUDrk0iW70iWSNp5FZ7MeTl8k_5w1eqnHDcFPTXe--h9u5l_ir0neWS6x72AdAta1kpJYVwg8U7D0_7wytCCG3y8e2dlYfqgxQlgZG","success":false,"reason":"Client error: `POST https:\/\/fcm.googleapis.com\/fcm\/send\/fAmNdrCkk2w:APA91bFNx6bx1piWmaPlI1UTmqJWgAgcT0tv0bEUDrk0iW70iWSNp5FZ7MeTl8k_5w1eqnHDcFPTXe--h9u5l_ir0neWS6x72AdAta1kpJYVwg8U7D0_7wytCCG3y8e2dlYfqgxQlgZG` resulted in a `410 Gone` response:\npush subscription has unsubscribed or expired.\n\n","ts":"2026-04-09T21:19:30+00:00"}
{"event":"webpush_report","endpoint":"https:\/\/fcm.googleapis.com\/fcm\/send\/dIjkLusZCnU:APA91bF3-UquBP4QhHvVh15vh9JFWLP2qa9ELfgWzMJlKw5-5XfCmyvkylTtNkDmjY9iezb2fveKqIRw7XTK2nyod4Jw29ZkzQU0G6R0-lcBXorgB49dJ9B4Yri47a5XNrxEpIWlj-0m","success":true,"reason":"OK","ts":"2026-04-09T21:19:30+00:00"}
{"event":"android_push_result","callee_id":164,"result":{"success":false,"skipped":"missing_firebase_service_account"},"ts":"2026-04-09T21:19:30+00:00"}
{"event":"send_call_push_invoked","caller_id":2,"callee_id":164,"call_request_id":282,"raw":{"token":"1513265693e67a35c6d16d1b896859aca5be5cf7fe6392cbe151b9f12ab8468e","caller_id":2,"callee_id":"164","call_request_id":282},"ts":"2026-04-09T21:48:14+00:00"}
{"event":"push_targets_found","callee_id":164,"web_push_count":1,"android_count":15,"ts":"2026-04-09T21:48:14+00:00"}
{"event":"webpush_report","endpoint":"https:\/\/fcm.googleapis.com\/fcm\/send\/dIjkLusZCnU:APA91bF3-UquBP4QhHvVh15vh9JFWLP2qa9ELfgWzMJlKw5-5XfCmyvkylTtNkDmjY9iezb2fveKqIRw7XTK2nyod4Jw29ZkzQU0G6R0-lcBXorgB49dJ9B4Yri47a5XNrxEpIWlj-0m","success":true,"reason":"OK","ts":"2026-04-09T21:48:14+00:00"}
{"event":"android_push_result","callee_id":164,"result":{"success":false,"skipped":"missing_firebase_service_account"},"ts":"2026-04-09T21:48:14+00:00"}
{"event":"send_call_push_invoked","caller_id":2,"callee_id":164,"call_request_id":283,"raw":{"token":"1513265693e67a35c6d16d1b896859aca5be5cf7fe6392cbe151b9f12ab8468e","caller_id":2,"callee_id":"164","call_request_id":283},"ts":"2026-04-09T21:48:52+00:00"}
{"event":"push_targets_found","callee_id":164,"web_push_count":1,"android_count":15,"ts":"2026-04-09T21:48:52+00:00"}
{"event":"webpush_report","endpoint":"https:\/\/fcm.googleapis.com\/fcm\/send\/dIjkLusZCnU:APA91bF3-UquBP4QhHvVh15vh9JFWLP2qa9ELfgWzMJlKw5-5XfCmyvkylTtNkDmjY9iezb2fveKqIRw7XTK2nyod4Jw29ZkzQU0G6R0-lcBXorgB49dJ9B4Yri47a5XNrxEpIWlj-0m","success":true,"reason":"OK","ts":"2026-04-09T21:48:52+00:00"}
{"event":"android_push_result","callee_id":164,"result":{"success":false,"skipped":"missing_firebase_service_account"},"ts":"2026-04-09T21:48:52+00:00"}
{"event":"send_call_push_invoked","caller_id":2,"callee_id":164,"call_request_id":284,"raw":{"token":"1513265693e67a35c6d16d1b896859aca5be5cf7fe6392cbe151b9f12ab8468e","caller_id":2,"callee_id":"164","call_request_id":284},"ts":"2026-04-09T21:49:06+00:00"}
{"event":"push_targets_found","callee_id":164,"web_push_count":1,"android_count":15,"ts":"2026-04-09T21:49:06+00:00"}
{"event":"webpush_report","endpoint":"https:\/\/fcm.googleapis.com\/fcm\/send\/dIjkLusZCnU:APA91bF3-UquBP4QhHvVh15vh9JFWLP2qa9ELfgWzMJlKw5-5XfCmyvkylTtNkDmjY9iezb2fveKqIRw7XTK2nyod4Jw29ZkzQU0G6R0-lcBXorgB49dJ9B4Yri47a5XNrxEpIWlj-0m","success":true,"reason":"OK","ts":"2026-04-09T21:49:06+00:00"}
{"event":"android_push_result","callee_id":164,"result":{"success":false,"skipped":"missing_firebase_service_account"},"ts":"2026-04-09T21:49:06+00:00"}
{"event":"send_call_push_invoked","caller_id":2,"callee_id":164,"call_request_id":285,"raw":{"token":"1513265693e67a35c6d16d1b896859aca5be5cf7fe6392cbe151b9f12ab8468e","caller_id":2,"callee_id":164,"call_request_id":285},"ts":"2026-04-09T22:00:21+00:00"}
{"event":"push_targets_found","callee_id":164,"web_push_count":2,"android_count":16,"ts":"2026-04-09T22:00:21+00:00"}
{"event":"webpush_report","endpoint":"https:\/\/fcm.googleapis.com\/fcm\/send\/dIjkLusZCnU:APA91bF3-UquBP4QhHvVh15vh9JFWLP2qa9ELfgWzMJlKw5-5XfCmyvkylTtNkDmjY9iezb2fveKqIRw7XTK2nyod4Jw29ZkzQU0G6R0-lcBXorgB49dJ9B4Yri47a5XNrxEpIWlj-0m","success":false,"reason":"Client error: `POST https:\/\/fcm.googleapis.com\/fcm\/send\/dIjkLusZCnU:APA91bF3-UquBP4QhHvVh15vh9JFWLP2qa9ELfgWzMJlKw5-5XfCmyvkylTtNkDmjY9iezb2fveKqIRw7XTK2nyod4Jw29ZkzQU0G6R0-lcBXorgB49dJ9B4Yri47a5XNrxEpIWlj-0m` resulted in a `410 Gone` response:\npush subscription has unsubscribed or expired.\n\n","ts":"2026-04-09T22:00:21+00:00"}
{"event":"webpush_report","endpoint":"https:\/\/fcm.googleapis.com\/fcm\/send\/c8yl6Lu1NoY:APA91bGSIOkJLJqeNQFxzcNnhAH2gCoUAGTITNIwR7mgi3i2H3X4N6fDJn-9QRJ4E6rLO7dqEM6SO3QyfJMXAIsaHaq4LuRF1CrCp30JtNarsxgLmQ9I6AN-ETpmpjreiLihQaCbWAlf","success":true,"reason":"OK","ts":"2026-04-09T22:00:21+00:00"}
{"event":"android_push_result","callee_id":164,"result":{"success":false,"skipped":"missing_firebase_service_account"},"ts":"2026-04-09T22:00:21+00:00"}
{"event":"send_call_push_invoked","caller_id":2,"callee_id":164,"call_request_id":286,"raw":{"token":"1513265693e67a35c6d16d1b896859aca5be5cf7fe6392cbe151b9f12ab8468e","caller_id":2,"callee_id":164,"call_request_id":286},"ts":"2026-04-09T22:07:24+00:00"}
{"event":"push_targets_found","callee_id":164,"web_push_count":1,"android_count":17,"ts":"2026-04-09T22:07:24+00:00"}
{"event":"webpush_report","endpoint":"https:\/\/fcm.googleapis.com\/fcm\/send\/c8yl6Lu1NoY:APA91bGSIOkJLJqeNQFxzcNnhAH2gCoUAGTITNIwR7mgi3i2H3X4N6fDJn-9QRJ4E6rLO7dqEM6SO3QyfJMXAIsaHaq4LuRF1CrCp30JtNarsxgLmQ9I6AN-ETpmpjreiLihQaCbWAlf","success":true,"reason":"OK","ts":"2026-04-09T22:07:24+00:00"}
{"event":"android_push_result","callee_id":164,"result":{"success":false,"skipped":"missing_firebase_service_account"},"ts":"2026-04-09T22:07:24+00:00"}
{"event":"send_call_push_invoked","caller_id":2,"callee_id":164,"call_request_id":287,"raw":{"token":"1513265693e67a35c6d16d1b896859aca5be5cf7fe6392cbe151b9f12ab8468e","caller_id":2,"callee_id":164,"call_request_id":287},"ts":"2026-04-09T22:28:05+00:00"}
{"event":"push_targets_found","callee_id":164,"web_push_count":1,"android_count":18,"ts":"2026-04-09T22:28:05+00:00"}
{"event":"webpush_report","endpoint":"https:\/\/fcm.googleapis.com\/fcm\/send\/c8yl6Lu1NoY:APA91bGSIOkJLJqeNQFxzcNnhAH2gCoUAGTITNIwR7mgi3i2H3X4N6fDJn-9QRJ4E6rLO7dqEM6SO3QyfJMXAIsaHaq4LuRF1CrCp30JtNarsxgLmQ9I6AN-ETpmpjreiLihQaCbWAlf","success":true,"reason":"OK","ts":"2026-04-09T22:28:05+00:00"}
{"event":"android_push_result","callee_id":164,"result":{"success":false,"skipped":"missing_firebase_service_account"},"ts":"2026-04-09T22:28:05+00:00"}
{"event":"send_call_push_invoked","caller_id":2,"callee_id":164,"call_request_id":288,"raw":{"token":"1513265693e67a35c6d16d1b896859aca5be5cf7fe6392cbe151b9f12ab8468e","caller_id":2,"callee_id":164,"call_request_id":288},"ts":"2026-04-09T22:44:59+00:00"}
{"event":"push_targets_found","callee_id":164,"web_push_count":1,"android_count":19,"ts":"2026-04-09T22:44:59+00:00"}
{"event":"webpush_report","endpoint":"https:\/\/fcm.googleapis.com\/fcm\/send\/c8yl6Lu1NoY:APA91bGSIOkJLJqeNQFxzcNnhAH2gCoUAGTITNIwR7mgi3i2H3X4N6fDJn-9QRJ4E6rLO7dqEM6SO3QyfJMXAIsaHaq4LuRF1CrCp30JtNarsxgLmQ9I6AN-ETpmpjreiLihQaCbWAlf","success":true,"reason":"OK","ts":"2026-04-09T22:44:59+00:00"}
{"event":"android_push_result","callee_id":164,"result":{"success":false,"skipped":"missing_firebase_service_account"},"ts":"2026-04-09T22:44:59+00:00"}
{"event":"send_call_push_invoked","caller_id":2,"callee_id":164,"call_request_id":289,"raw":{"token":"1513265693e67a35c6d16d1b896859aca5be5cf7fe6392cbe151b9f12ab8468e","caller_id":2,"callee_id":"164","call_request_id":289},"ts":"2026-04-09T22:45:30+00:00"}
{"event":"push_targets_found","callee_id":164,"web_push_count":1,"android_count":19,"ts":"2026-04-09T22:45:30+00:00"}
{"event":"webpush_report","endpoint":"https:\/\/fcm.googleapis.com\/fcm\/send\/c8yl6Lu1NoY:APA91bGSIOkJLJqeNQFxzcNnhAH2gCoUAGTITNIwR7mgi3i2H3X4N6fDJn-9QRJ4E6rLO7dqEM6SO3QyfJMXAIsaHaq4LuRF1CrCp30JtNarsxgLmQ9I6AN-ETpmpjreiLihQaCbWAlf","success":true,"reason":"OK","ts":"2026-04-09T22:45:30+00:00"}
{"event":"android_push_result","callee_id":164,"result":{"success":false,"skipped":"missing_firebase_service_account"},"ts":"2026-04-09T22:45:30+00:00"}
{"event":"send_call_push_invoked","caller_id":164,"callee_id":2,"call_request_id":290,"raw":{"token":"9b2f61bcd20284158f6db6ba20060c4b192c4f8ee94e9ebd67b651ccae3922de","caller_id":164,"callee_id":"2","call_request_id":290},"ts":"2026-04-09T22:47:07+00:00"}
{"event":"push_targets_found","callee_id":2,"web_push_count":13,"android_count":2,"ts":"2026-04-09T22:47:07+00:00"}
{"event":"webpush_report","endpoint":"https:\/\/fcm.googleapis.com\/fcm\/send\/cyZEkoMwyuY:APA91bFhj7ujRhRXhcDlml23XIal3vpjrwSwxxbrmD388x0Yo1CLEIJRcBig5OFGvhRZGGwESs0awCFP5E7GYso_-iINm36h56aXLXQB1BQZ7RvXhmV1Dxm9aZmNxSDGv1kwbimsqDl_","success":false,"reason":"Client error: `POST https:\/\/fcm.googleapis.com\/fcm\/send\/cyZEkoMwyuY:APA91bFhj7ujRhRXhcDlml23XIal3vpjrwSwxxbrmD388x0Yo1CLEIJRcBig5OFGvhRZGGwESs0awCFP5E7GYso_-iINm36h56aXLXQB1BQZ7RvXhmV1Dxm9aZmNxSDGv1kwbimsqDl_` resulted in a `410 Gone` response:\npush subscription has unsubscribed or expired.\n\n","ts":"2026-04-09T22:47:07+00:00"}
{"event":"webpush_report","endpoint":"https:\/\/fcm.googleapis.com\/fcm\/send\/dp2MtEvDbsI:APA91bE-6Z0IuFq337_ZJEGNjVwughk3jfZrKyS_rWmctvUZmx04QwDlotK7dw6b1f6ExW8NCeI1mli-1vsnF0rKBBt99OC5KxC_pcvZWkjnxRF-gBLYI514hR61Nuq9mr05UUkWLWA0","success":false,"reason":"Client error: `POST https:\/\/fcm.googleapis.com\/fcm\/send\/dp2MtEvDbsI:APA91bE-6Z0IuFq337_ZJEGNjVwughk3jfZrKyS_rWmctvUZmx04QwDlotK7dw6b1f6ExW8NCeI1mli-1vsnF0rKBBt99OC5KxC_pcvZWkjnxRF-gBLYI514hR61Nuq9mr05UUkWLWA0` resulted in a `410 Gone` response:\npush subscription has unsubscribed or expired.\n\n","ts":"2026-04-09T22:47:07+00:00"}
{"event":"webpush_report","endpoint":"https:\/\/fcm.googleapis.com\/fcm\/send\/cZYaq0GGujg:APA91bEZ5TM21jEQTNxusthZXizyNCRwi1-jLZc8YDVJnASefqhKLdfxdb4DVUeRV7NOpfEjK0FzseU4oM2Fhbqst21rhsNtxuMmjv2bp0K0uRchLsyuQ0glOeFt-5yn39Mm3gIZZKnB","success":false,"reason":"Client error: `POST https:\/\/fcm.googleapis.com\/fcm\/send\/cZYaq0GGujg:APA91bEZ5TM21jEQTNxusthZXizyNCRwi1-jLZc8YDVJnASefqhKLdfxdb4DVUeRV7NOpfEjK0FzseU4oM2Fhbqst21rhsNtxuMmjv2bp0K0uRchLsyuQ0glOeFt-5yn39Mm3gIZZKnB` resulted in a `410 Gone` response:\npush subscription has unsubscribed or expired.\n\n","ts":"2026-04-09T22:47:07+00:00"}
{"event":"webpush_report","endpoint":"https:\/\/fcm.googleapis.com\/fcm\/send\/cipoKx-fnis:APA91bEKPU2q_dvCYKa7Ly6hnKgg5q1z5rlnISkM82efPolJEZInsLecDCmi14jMhXgJmJ6iZ-Ji3xVXAALM3LR7uIQj1TaPoQALnVwG9NCqo34jioeg5ODvGFof30wU9r9lg1CEhSP0","success":false,"reason":"Client error: `POST https:\/\/fcm.googleapis.com\/fcm\/send\/cipoKx-fnis:APA91bEKPU2q_dvCYKa7Ly6hnKgg5q1z5rlnISkM82efPolJEZInsLecDCmi14jMhXgJmJ6iZ-Ji3xVXAALM3LR7uIQj1TaPoQALnVwG9NCqo34jioeg5ODvGFof30wU9r9lg1CEhSP0` resulted in a `410 Gone` response:\npush subscription has unsubscribed or expired.\n\n","ts":"2026-04-09T22:47:07+00:00"}
{"event":"webpush_report","endpoint":"https:\/\/fcm.googleapis.com\/fcm\/send\/e3ld3xa25oo:APA91bE1WbQTlacN5VHfXM5pZH3HFRr2RETfcnDx42Yntul_FvflicAoQPJzzbEaZ3EztWOU-z3ZyBUqtnM9kAS7trjF4jnrc0g7-mw7fUDtH6Jo9MCHpgSrLfVbzPiA2e8cVHUSg2iT","success":false,"reason":"Client error: `POST https:\/\/fcm.googleapis.com\/fcm\/send\/e3ld3xa25oo:APA91bE1WbQTlacN5VHfXM5pZH3HFRr2RETfcnDx42Yntul_FvflicAoQPJzzbEaZ3EztWOU-z3ZyBUqtnM9kAS7trjF4jnrc0g7-mw7fUDtH6Jo9MCHpgSrLfVbzPiA2e8cVHUSg2iT` resulted in a `410 Gone` response:\npush subscription has unsubscribed or expired.\n\n","ts":"2026-04-09T22:47:07+00:00"}
{"event":"webpush_report","endpoint":"https:\/\/fcm.googleapis.com\/fcm\/send\/fhoXgvuTFRQ:APA91bHM0eqP-BsB15AeN4yQO1kE_G_LqpZXmtHvRneTw3w0EeIAByW_4fpt2y-0ftRYIw_VdZC52Bv-0_X_9ljtm0lk15OUnQTEMZ581RIqjr9cr0-HkpQ1P6yjNNf4boEXVxSurCie","success":false,"reason":"Client error: `POST https:\/\/fcm.googleapis.com\/fcm\/send\/fhoXgvuTFRQ:APA91bHM0eqP-BsB15AeN4yQO1kE_G_LqpZXmtHvRneTw3w0EeIAByW_4fpt2y-0ftRYIw_VdZC52Bv-0_X_9ljtm0lk15OUnQTEMZ581RIqjr9cr0-HkpQ1P6yjNNf4boEXVxSurCie` resulted in a `410 Gone` response:\npush subscription has unsubscribed or expired.\n\n","ts":"2026-04-09T22:47:07+00:00"}
{"event":"webpush_report","endpoint":"https:\/\/fcm.googleapis.com\/fcm\/send\/emxpZJomKgE:APA91bGIaj_wz2vQ0HwmGh2MxwrMBTXgPXy71LzA8yjA3gMTGRKo3E8h9hAeo-54BSR8KXNMd8_xg-Ng5_wg2zpMehfnEGzoxtmsXVTykTEx69o6nhe_3RecLOgKdX1OT-oJ6svG3NfJ","success":false,"reason":"Client error: `POST https:\/\/fcm.googleapis.com\/fcm\/send\/emxpZJomKgE:APA91bGIaj_wz2vQ0HwmGh2MxwrMBTXgPXy71LzA8yjA3gMTGRKo3E8h9hAeo-54BSR8KXNMd8_xg-Ng5_wg2zpMehfnEGzoxtmsXVTykTEx69o6nhe_3RecLOgKdX1OT-oJ6svG3NfJ` resulted in a `410 Gone` response:\npush subscription has unsubscribed or expired.\n\n","ts":"2026-04-09T22:47:07+00:00"}
{"event":"webpush_report","endpoint":"https:\/\/fcm.googleapis.com\/fcm\/send\/dIdsVG17dY0:APA91bGUfzs6Serncer92lpiG48piXLdSGpkkqWKmhS6InxATOh8-kU9YpS3umNRK8r75PRD__iCrARWqn4pZr8dYiTah-HxXyLRrKv2JNU9_ziflF6x1wGgNNUCuDWsTXRPKACaUI6U","success":false,"reason":"Client error: `POST https:\/\/fcm.googleapis.com\/fcm\/send\/dIdsVG17dY0:APA91bGUfzs6Serncer92lpiG48piXLdSGpkkqWKmhS6InxATOh8-kU9YpS3umNRK8r75PRD__iCrARWqn4pZr8dYiTah-HxXyLRrKv2JNU9_ziflF6x1wGgNNUCuDWsTXRPKACaUI6U` resulted in a `410 Gone` response:\npush subscription has unsubscribed or expired.\n\n","ts":"2026-04-09T22:47:07+00:00"}
{"event":"webpush_report","endpoint":"https:\/\/fcm.googleapis.com\/fcm\/send\/fzgwt1Yp7-Y:APA91bElKye_Z0ly_zCs0_qLsDpumeLQozlsdVhXYJ6us41troNzP-D4LEahutuVP5RrPIVare6b-Pse8E3PKULwLJITjy6n-S20TPNedXdaWV-N19vKvZqPvaX2640RIc_a-C_yMOS3","success":false,"reason":"Client error: `POST https:\/\/fcm.googleapis.com\/fcm\/send\/fzgwt1Yp7-Y:APA91bElKye_Z0ly_zCs0_qLsDpumeLQozlsdVhXYJ6us41troNzP-D4LEahutuVP5RrPIVare6b-Pse8E3PKULwLJITjy6n-S20TPNedXdaWV-N19vKvZqPvaX2640RIc_a-C_yMOS3` resulted in a `410 Gone` response:\npush subscription has unsubscribed or expired.\n\n","ts":"2026-04-09T22:47:07+00:00"}
{"event":"webpush_report","endpoint":"https:\/\/fcm.googleapis.com\/fcm\/send\/frWDA4eiauI:APA91bHALLOwq5tKX0s0twQ3Yc2srCkvOJRB0JW-VVfOcmg4lENzFV-RO216Tst_FqDaaTbu-eINnp7B2qS1Rx1cx12qI-pYMuC_LVXDISDeYfLvPrebzthQUB6piyVndvo_tY_P7_0g","success":false,"reason":"Client error: `POST https:\/\/fcm.googleapis.com\/fcm\/send\/frWDA4eiauI:APA91bHALLOwq5tKX0s0twQ3Yc2srCkvOJRB0JW-VVfOcmg4lENzFV-RO216Tst_FqDaaTbu-eINnp7B2qS1Rx1cx12qI-pYMuC_LVXDISDeYfLvPrebzthQUB6piyVndvo_tY_P7_0g` resulted in a `410 Gone` response:\npush subscription has unsubscribed or expired.\n\n","ts":"2026-04-09T22:47:07+00:00"}
{"event":"webpush_report","endpoint":"https:\/\/fcm.googleapis.com\/fcm\/send\/e_TYznZgrvU:APA91bEJ7EwQutDnP0iERcWbjU3tkOo6KMSlWJUEiOnYjdozk8MEAMYitPvpJ0q71c8yp0aFjbIuejcHer-WI_am-tRMCEa8OU4Ev7zpkpl4WtMQFtFs9B0KSdOoHGpFzW4J_F6DEjnb","success":false,"reason":"Client error: `POST https:\/\/fcm.googleapis.com\/fcm\/send\/e_TYznZgrvU:APA91bEJ7EwQutDnP0iERcWbjU3tkOo6KMSlWJUEiOnYjdozk8MEAMYitPvpJ0q71c8yp0aFjbIuejcHer-WI_am-tRMCEa8OU4Ev7zpkpl4WtMQFtFs9B0KSdOoHGpFzW4J_F6DEjnb` resulted in a `410 Gone` response:\npush subscription has unsubscribed or expired.\n\n","ts":"2026-04-09T22:47:07+00:00"}
{"event":"webpush_report","endpoint":"https:\/\/fcm.googleapis.com\/fcm\/send\/eTy1SJMcf-E:APA91bHMDZQbzOAZqSJwfHg1wWV9RdvaDGfESdzhJQmAzOSH1XzDGomK8c5ZifsUlVj4ud_JTjmggR3t3pyH05r2xeJn0kfHKSIw0EvVxH7a8RWOlAdVE_mztYcuMq7fjZrHq82TrHIU","success":false,"reason":"Client error: `POST https:\/\/fcm.googleapis.com\/fcm\/send\/eTy1SJMcf-E:APA91bHMDZQbzOAZqSJwfHg1wWV9RdvaDGfESdzhJQmAzOSH1XzDGomK8c5ZifsUlVj4ud_JTjmggR3t3pyH05r2xeJn0kfHKSIw0EvVxH7a8RWOlAdVE_mztYcuMq7fjZrHq82TrHIU` resulted in a `410 Gone` response:\npush subscription has unsubscribed or expired.\n\n","ts":"2026-04-09T22:47:07+00:00"}
{"event":"webpush_report","endpoint":"https:\/\/fcm.googleapis.com\/fcm\/send\/eIadxFU7Rtw:APA91bHdGDOhF08aob07eu3B1Wu2-EApQAsQg2RqAOMi7kipnGG435RqHwvtG0a2bpRKJ-BxjB_7Z3gBbMzjk6B2vZ3Sfq2xRt8D6FPTSnLyoQIAvFcbtEPhintGZvG88cfuSoQ1WFqk","success":true,"reason":"OK","ts":"2026-04-09T22:47:07+00:00"}
{"event":"android_push_result","callee_id":2,"result":{"success":false,"skipped":"missing_firebase_service_account"},"ts":"2026-04-09T22:47:07+00:00"}
{"event":"send_call_push_invoked","caller_id":164,"callee_id":2,"call_request_id":291,"raw":{"token":"9b2f61bcd20284158f6db6ba20060c4b192c4f8ee94e9ebd67b651ccae3922de","caller_id":164,"callee_id":"2","call_request_id":291},"ts":"2026-04-09T22:47:24+00:00"}
{"event":"push_targets_found","callee_id":2,"web_push_count":2,"android_count":2,"ts":"2026-04-09T22:47:24+00:00"}
{"event":"webpush_report","endpoint":"https:\/\/fcm.googleapis.com\/fcm\/send\/eIadxFU7Rtw:APA91bHdGDOhF08aob07eu3B1Wu2-EApQAsQg2RqAOMi7kipnGG435RqHwvtG0a2bpRKJ-BxjB_7Z3gBbMzjk6B2vZ3Sfq2xRt8D6FPTSnLyoQIAvFcbtEPhintGZvG88cfuSoQ1WFqk","success":false,"reason":"Client error: `POST https:\/\/fcm.googleapis.com\/fcm\/send\/eIadxFU7Rtw:APA91bHdGDOhF08aob07eu3B1Wu2-EApQAsQg2RqAOMi7kipnGG435RqHwvtG0a2bpRKJ-BxjB_7Z3gBbMzjk6B2vZ3Sfq2xRt8D6FPTSnLyoQIAvFcbtEPhintGZvG88cfuSoQ1WFqk` resulted in a `410 Gone` response:\npush subscription has unsubscribed or expired.\n\n","ts":"2026-04-09T22:47:24+00:00"}
{"event":"webpush_report","endpoint":"https:\/\/fcm.googleapis.com\/fcm\/send\/fPY_xyDJvy4:APA91bFFjkG3ir5EtmJoaSeC90AzGDe1lxNXqu2nXFGmv10YWEkKevOzn4313eir2uUTYjDuYs3h7Kh3qWydmToMEVhe2o_tdbXHANS1EOCwVc7ys3QYHq4UOyCfq63krv2WK_aDjkk1","success":true,"reason":"OK","ts":"2026-04-09T22:47:24+00:00"}
{"event":"android_push_result","callee_id":2,"result":{"success":false,"skipped":"missing_firebase_service_account"},"ts":"2026-04-09T22:47:24+00:00"}
{"event":"send_call_push_invoked","caller_id":2,"callee_id":164,"call_request_id":292,"raw":{"token":"724be2041fdbfeb4a541c4a94ddbc9572dcccb69e317f69efdc25ad3a7baade6","caller_id":2,"callee_id":164,"call_request_id":292},"ts":"2026-04-09T23:11:48+00:00"}
{"event":"push_targets_found","callee_id":164,"web_push_count":2,"android_count":20,"ts":"2026-04-09T23:11:48+00:00"}
{"event":"webpush_report","endpoint":"https:\/\/fcm.googleapis.com\/fcm\/send\/c8yl6Lu1NoY:APA91bGSIOkJLJqeNQFxzcNnhAH2gCoUAGTITNIwR7mgi3i2H3X4N6fDJn-9QRJ4E6rLO7dqEM6SO3QyfJMXAIsaHaq4LuRF1CrCp30JtNarsxgLmQ9I6AN-ETpmpjreiLihQaCbWAlf","success":false,"reason":"Client error: `POST https:\/\/fcm.googleapis.com\/fcm\/send\/c8yl6Lu1NoY:APA91bGSIOkJLJqeNQFxzcNnhAH2gCoUAGTITNIwR7mgi3i2H3X4N6fDJn-9QRJ4E6rLO7dqEM6SO3QyfJMXAIsaHaq4LuRF1CrCp30JtNarsxgLmQ9I6AN-ETpmpjreiLihQaCbWAlf` resulted in a `410 Gone` response:\npush subscription has unsubscribed or expired.\n\n","ts":"2026-04-09T23:11:48+00:00"}
{"event":"webpush_report","endpoint":"https:\/\/fcm.googleapis.com\/fcm\/send\/eb8pUI-PP_g:APA91bHJR7mZH9Z8cdHpX54yoQhDpA6DvVZFV8e6N_2Ue-EA5DFa1PkRYzMkMAWYApeByjCAe6Y4mC37bIwq8QDoSHMOVCWff47aae5T6RY37M4jACTu9borLrY3dcJQNAqbBQkJ0mG-","success":true,"reason":"OK","ts":"2026-04-09T23:11:48+00:00"}
{"event":"android_push_result","callee_id":164,"result":{"success":false,"skipped":"missing_firebase_service_account"},"ts":"2026-04-09T23:11:48+00:00"}
{"event":"send_call_push_invoked","caller_id":2,"callee_id":164,"call_request_id":293,"raw":{"token":"724be2041fdbfeb4a541c4a94ddbc9572dcccb69e317f69efdc25ad3a7baade6","caller_id":2,"callee_id":"164","call_request_id":293},"ts":"2026-04-09T23:12:37+00:00"}
{"event":"push_targets_found","callee_id":164,"web_push_count":1,"android_count":20,"ts":"2026-04-09T23:12:37+00:00"}
{"event":"webpush_report","endpoint":"https:\/\/fcm.googleapis.com\/fcm\/send\/eb8pUI-PP_g:APA91bHJR7mZH9Z8cdHpX54yoQhDpA6DvVZFV8e6N_2Ue-EA5DFa1PkRYzMkMAWYApeByjCAe6Y4mC37bIwq8QDoSHMOVCWff47aae5T6RY37M4jACTu9borLrY3dcJQNAqbBQkJ0mG-","success":true,"reason":"OK","ts":"2026-04-09T23:12:37+00:00"}
{"event":"android_push_result","callee_id":164,"result":{"success":false,"skipped":"missing_firebase_service_account"},"ts":"2026-04-09T23:12:37+00:00"}
{"event":"send_call_push_invoked","caller_id":2,"callee_id":164,"call_request_id":294,"raw":{"token":"724be2041fdbfeb4a541c4a94ddbc9572dcccb69e317f69efdc25ad3a7baade6","caller_id":2,"callee_id":"164","call_request_id":294},"ts":"2026-04-09T23:12:55+00:00"}
{"event":"push_targets_found","callee_id":164,"web_push_count":1,"android_count":20,"ts":"2026-04-09T23:12:55+00:00"}
{"event":"webpush_report","endpoint":"https:\/\/fcm.googleapis.com\/fcm\/send\/eb8pUI-PP_g:APA91bHJR7mZH9Z8cdHpX54yoQhDpA6DvVZFV8e6N_2Ue-EA5DFa1PkRYzMkMAWYApeByjCAe6Y4mC37bIwq8QDoSHMOVCWff47aae5T6RY37M4jACTu9borLrY3dcJQNAqbBQkJ0mG-","success":true,"reason":"OK","ts":"2026-04-09T23:12:55+00:00"}
{"event":"android_push_result","callee_id":164,"result":{"success":false,"skipped":"missing_firebase_service_account"},"ts":"2026-04-09T23:12:55+00:00"}
{"event":"send_call_push_invoked","caller_id":2,"callee_id":164,"call_request_id":295,"raw":{"token":"724be2041fdbfeb4a541c4a94ddbc9572dcccb69e317f69efdc25ad3a7baade6","caller_id":2,"callee_id":"164","call_request_id":295},"ts":"2026-04-09T23:21:42+00:00"}
{"event":"push_targets_found","callee_id":164,"web_push_count":1,"android_count":20,"prefer_android_incoming_call_push":true,"ts":"2026-04-09T23:21:42+00:00"}
{"event":"webpush_skipped_for_android_call","callee_id":164,"web_push_count":1,"android_count":20,"ts":"2026-04-09T23:21:42+00:00"}
{"event":"android_push_result","callee_id":164,"result":{"success":false,"skipped":"missing_firebase_service_account"},"ts":"2026-04-09T23:21:42+00:00"}
{"event":"send_call_push_invoked","caller_id":2,"callee_id":164,"call_request_id":296,"raw":{"token":"724be2041fdbfeb4a541c4a94ddbc9572dcccb69e317f69efdc25ad3a7baade6","caller_id":2,"callee_id":164,"call_request_id":296},"ts":"2026-04-09T23:22:35+00:00"}
{"event":"push_targets_found","callee_id":164,"web_push_count":1,"android_count":20,"prefer_android_incoming_call_push":true,"ts":"2026-04-09T23:22:35+00:00"}
{"event":"webpush_skipped_for_android_call","callee_id":164,"web_push_count":1,"android_count":20,"ts":"2026-04-09T23:22:35+00:00"}
{"event":"android_push_result","callee_id":164,"result":{"success":false,"skipped":"missing_firebase_service_account"},"ts":"2026-04-09T23:22:35+00:00"}
{"event":"send_call_push_invoked","caller_id":164,"callee_id":2,"call_request_id":297,"raw":{"token":"9b2f61bcd20284158f6db6ba20060c4b192c4f8ee94e9ebd67b651ccae3922de","caller_id":164,"callee_id":"2","call_request_id":297},"ts":"2026-04-09T23:23:20+00:00"}
{"event":"push_targets_found","callee_id":2,"web_push_count":7,"android_count":2,"prefer_android_incoming_call_push":true,"ts":"2026-04-09T23:23:20+00:00"}
{"event":"webpush_skipped_for_android_call","callee_id":2,"web_push_count":7,"android_count":2,"ts":"2026-04-09T23:23:20+00:00"}
{"event":"android_push_result","callee_id":2,"result":{"success":false,"skipped":"missing_firebase_service_account"},"ts":"2026-04-09T23:23:20+00:00"}
{"event":"send_call_push_invoked","caller_id":164,"callee_id":2,"call_request_id":298,"raw":{"token":"9b2f61bcd20284158f6db6ba20060c4b192c4f8ee94e9ebd67b651ccae3922de","caller_id":164,"callee_id":"2","call_request_id":298},"ts":"2026-04-09T23:23:35+00:00"}
{"event":"push_targets_found","callee_id":2,"web_push_count":7,"android_count":2,"prefer_android_incoming_call_push":true,"ts":"2026-04-09T23:23:35+00:00"}
{"event":"webpush_skipped_for_android_call","callee_id":2,"web_push_count":7,"android_count":2,"ts":"2026-04-09T23:23:35+00:00"}
{"event":"android_push_result","callee_id":2,"result":{"success":false,"skipped":"missing_firebase_service_account"},"ts":"2026-04-09T23:23:35+00:00"}
{"event":"send_call_push_invoked","caller_id":2,"callee_id":164,"call_request_id":299,"raw":{"token":"7667112f03cc8d4e714b7a4254c6139bafbab4cc40ea1c2586db7b4b0e634774","caller_id":2,"callee_id":"164","call_request_id":299},"ts":"2026-04-09T23:26:22+00:00"}
{"event":"push_targets_found","callee_id":164,"web_push_count":1,"android_count":20,"ts":"2026-04-09T23:26:22+00:00"}
{"event":"android_push_result","callee_id":164,"result":{"success":false,"skipped":"missing_firebase_service_account"},"android_push_delivered":false,"ts":"2026-04-09T23:26:22+00:00"}
{"event":"webpush_report","endpoint":"https:\/\/fcm.googleapis.com\/fcm\/send\/eb8pUI-PP_g:APA91bHJR7mZH9Z8cdHpX54yoQhDpA6DvVZFV8e6N_2Ue-EA5DFa1PkRYzMkMAWYApeByjCAe6Y4mC37bIwq8QDoSHMOVCWff47aae5T6RY37M4jACTu9borLrY3dcJQNAqbBQkJ0mG-","success":false,"reason":"Client error: `POST https:\/\/fcm.googleapis.com\/fcm\/send\/eb8pUI-PP_g:APA91bHJR7mZH9Z8cdHpX54yoQhDpA6DvVZFV8e6N_2Ue-EA5DFa1PkRYzMkMAWYApeByjCAe6Y4mC37bIwq8QDoSHMOVCWff47aae5T6RY37M4jACTu9borLrY3dcJQNAqbBQkJ0mG-` resulted in a `410 Gone` response:\npush subscription has unsubscribed or expired.\n\n","ts":"2026-04-09T23:26:23+00:00"}
{"event":"send_call_push_invoked","caller_id":164,"callee_id":2,"call_request_id":300,"raw":{"token":"9b2f61bcd20284158f6db6ba20060c4b192c4f8ee94e9ebd67b651ccae3922de","caller_id":164,"callee_id":"2","call_request_id":300},"ts":"2026-04-09T23:26:39+00:00"}
{"event":"push_targets_found","callee_id":2,"web_push_count":8,"android_count":2,"ts":"2026-04-09T23:26:39+00:00"}
{"event":"android_push_result","callee_id":2,"result":{"success":false,"skipped":"missing_firebase_service_account"},"android_push_delivered":false,"ts":"2026-04-09T23:26:39+00:00"}
{"event":"webpush_report","endpoint":"https:\/\/fcm.googleapis.com\/fcm\/send\/fPY_xyDJvy4:APA91bFFjkG3ir5EtmJoaSeC90AzGDe1lxNXqu2nXFGmv10YWEkKevOzn4313eir2uUTYjDuYs3h7Kh3qWydmToMEVhe2o_tdbXHANS1EOCwVc7ys3QYHq4UOyCfq63krv2WK_aDjkk1","success":false,"reason":"Client error: `POST https:\/\/fcm.googleapis.com\/fcm\/send\/fPY_xyDJvy4:APA91bFFjkG3ir5EtmJoaSeC90AzGDe1lxNXqu2nXFGmv10YWEkKevOzn4313eir2uUTYjDuYs3h7Kh3qWydmToMEVhe2o_tdbXHANS1EOCwVc7ys3QYHq4UOyCfq63krv2WK_aDjkk1` resulted in a `410 Gone` response:\npush subscription has unsubscribed or expired.\n\n","ts":"2026-04-09T23:26:40+00:00"}
{"event":"webpush_report","endpoint":"https:\/\/fcm.googleapis.com\/fcm\/send\/cQqVWkCZNug:APA91bGzN6dFI_OoiquHo5bMyeTbqpE89qJwau7BCeszXRfCZcCpQm7JzOSzH0oieja-D-mbGfgJMuveg0LL94F3gvVDPRzhtCtNaXOgmZzbj_QGfbLyIBy9z6mOKuxSOrHy211c5oFf","success":false,"reason":"Client error: `POST https:\/\/fcm.googleapis.com\/fcm\/send\/cQqVWkCZNug:APA91bGzN6dFI_OoiquHo5bMyeTbqpE89qJwau7BCeszXRfCZcCpQm7JzOSzH0oieja-D-mbGfgJMuveg0LL94F3gvVDPRzhtCtNaXOgmZzbj_QGfbLyIBy9z6mOKuxSOrHy211c5oFf` resulted in a `410 Gone` response:\npush subscription has unsubscribed or expired.\n\n","ts":"2026-04-09T23:26:40+00:00"}
{"event":"webpush_report","endpoint":"https:\/\/fcm.googleapis.com\/fcm\/send\/cvaANbuSZVQ:APA91bH4w633fUXy7jjU4fQK3TdnzruArCtAKQRVREN-Qid3mpJqN0gtB4wi39g0t4Mm2Bg_XE35Vb9Vx8eT-19KMdMZWmBA_5LuVX9KYaKqPbu9ldYq8m_oRUM9X5jVW9b9hw-END9q","success":false,"reason":"Client error: `POST https:\/\/fcm.googleapis.com\/fcm\/send\/cvaANbuSZVQ:APA91bH4w633fUXy7jjU4fQK3TdnzruArCtAKQRVREN-Qid3mpJqN0gtB4wi39g0t4Mm2Bg_XE35Vb9Vx8eT-19KMdMZWmBA_5LuVX9KYaKqPbu9ldYq8m_oRUM9X5jVW9b9hw-END9q` resulted in a `410 Gone` response:\npush subscription has unsubscribed or expired.\n\n","ts":"2026-04-09T23:26:40+00:00"}
{"event":"webpush_report","endpoint":"https:\/\/fcm.googleapis.com\/fcm\/send\/f6z3cKvyvCw:APA91bGP5KtQGcG_MbQYOvbdC2gbWBxR8mzNno0a3WWkutHPL5d3xAKAJeOO4r5I7ncE9HG11bZQJW53z1IMqco6yvas2EClhMheyRbCfqOrWkAkx6yiN2ubHLCl7RDX4OX02xoUY4jB","success":false,"reason":"Client error: `POST https:\/\/fcm.googleapis.com\/fcm\/send\/f6z3cKvyvCw:APA91bGP5KtQGcG_MbQYOvbdC2gbWBxR8mzNno0a3WWkutHPL5d3xAKAJeOO4r5I7ncE9HG11bZQJW53z1IMqco6yvas2EClhMheyRbCfqOrWkAkx6yiN2ubHLCl7RDX4OX02xoUY4jB` resulted in a `410 Gone` response:\npush subscription has unsubscribed or expired.\n\n","ts":"2026-04-09T23:26:40+00:00"}
{"event":"webpush_report","endpoint":"https:\/\/fcm.googleapis.com\/fcm\/send\/eKOHJJHw8iE:APA91bF09bm3LqHaN_ePCETHf-Kc2BYKDulUYid2uwyGkubVVgsSNPpvgHL8N9F21f2F23uekHvkSiEX1J0VE1rhFaXGmsb3GdCjNKTnbCjvxwGcfx1f0m2qp9MtODBkVGa7koJwGm7A","success":false,"reason":"Client error: `POST https:\/\/fcm.googleapis.com\/fcm\/send\/eKOHJJHw8iE:APA91bF09bm3LqHaN_ePCETHf-Kc2BYKDulUYid2uwyGkubVVgsSNPpvgHL8N9F21f2F23uekHvkSiEX1J0VE1rhFaXGmsb3GdCjNKTnbCjvxwGcfx1f0m2qp9MtODBkVGa7koJwGm7A` resulted in a `410 Gone` response:\npush subscription has unsubscribed or expired.\n\n","ts":"2026-04-09T23:26:40+00:00"}
{"event":"webpush_report","endpoint":"https:\/\/fcm.googleapis.com\/fcm\/send\/dHq5Kis33Vo:APA91bGoTUQ5wSvj43d6DW1Cz3C7GYlWjXvkJb1-2OQBqc1naUr8_s3_RT6jb__zVzxYS6re4sSk2KLJdVF91DKHsv7svR6rtKaRw2nDyvJRoBoO-tRmZJE9iEgmUeBrX8Zuq0bCRzqm","success":false,"reason":"Client error: `POST https:\/\/fcm.googleapis.com\/fcm\/send\/dHq5Kis33Vo:APA91bGoTUQ5wSvj43d6DW1Cz3C7GYlWjXvkJb1-2OQBqc1naUr8_s3_RT6jb__zVzxYS6re4sSk2KLJdVF91DKHsv7svR6rtKaRw2nDyvJRoBoO-tRmZJE9iEgmUeBrX8Zuq0bCRzqm` resulted in a `410 Gone` response:\npush subscription has unsubscribed or expired.\n\n","ts":"2026-04-09T23:26:40+00:00"}
{"event":"webpush_report","endpoint":"https:\/\/fcm.googleapis.com\/fcm\/send\/c7YpUFCAg9g:APA91bGrOsNxWtWyJ2mYIQTO_am-yFnuiqzwvvGIQsKiRLhNx6mYwSXKCDeflE2lF8n3O65MTMhRJc9kcnjyZ36J3EqAw5-Q9s-IoKmd-Gnjrz1Gr1ET9dEFH_SpSPpMjn06enrK1X6J","success":false,"reason":"Client error: `POST https:\/\/fcm.googleapis.com\/fcm\/send\/c7YpUFCAg9g:APA91bGrOsNxWtWyJ2mYIQTO_am-yFnuiqzwvvGIQsKiRLhNx6mYwSXKCDeflE2lF8n3O65MTMhRJc9kcnjyZ36J3EqAw5-Q9s-IoKmd-Gnjrz1Gr1ET9dEFH_SpSPpMjn06enrK1X6J` resulted in a `410 Gone` response:\npush subscription has unsubscribed or expired.\n\n","ts":"2026-04-09T23:26:40+00:00"}
{"event":"webpush_report","endpoint":"https:\/\/fcm.googleapis.com\/fcm\/send\/eeJj960l4yQ:APA91bE5e6-c8rp5a-Gack2qovvTrtpJzTag22GGF_dPG8O9fCR6h32iX4y7vFN_6ekR05xKAmuY9wM8bDftcBfF5RBH-eq3327T8uQNmq0_Vg54RYx1h829LSZ43RYko9sNDqy656jG","success":true,"reason":"OK","ts":"2026-04-09T23:26:40+00:00"}
{"event":"send_call_push_invoked","caller_id":2,"callee_id":164,"call_request_id":301,"raw":{"token":"7667112f03cc8d4e714b7a4254c6139bafbab4cc40ea1c2586db7b4b0e634774","caller_id":2,"callee_id":"164","call_request_id":301},"ts":"2026-04-09T23:57:52+00:00"}
{"event":"push_targets_found","callee_id":164,"web_push_count":0,"android_count":21,"ts":"2026-04-09T23:57:52+00:00"}
{"event":"android_push_result","callee_id":164,"result":{"success":false,"skipped":"missing_firebase_service_account"},"android_push_delivered":false,"ts":"2026-04-09T23:57:52+00:00"}
{"event":"send_call_push_invoked","caller_id":164,"callee_id":2,"call_request_id":302,"raw":{"token":"9b2f61bcd20284158f6db6ba20060c4b192c4f8ee94e9ebd67b651ccae3922de","caller_id":164,"callee_id":"2","call_request_id":302},"ts":"2026-04-09T23:58:09+00:00"}
{"event":"push_targets_found","callee_id":2,"web_push_count":2,"android_count":2,"ts":"2026-04-09T23:58:09+00:00"}
{"event":"android_push_result","callee_id":2,"result":{"success":false,"skipped":"missing_firebase_service_account"},"android_push_delivered":false,"ts":"2026-04-09T23:58:09+00:00"}
{"event":"webpush_report","endpoint":"https:\/\/fcm.googleapis.com\/fcm\/send\/eeJj960l4yQ:APA91bE5e6-c8rp5a-Gack2qovvTrtpJzTag22GGF_dPG8O9fCR6h32iX4y7vFN_6ekR05xKAmuY9wM8bDftcBfF5RBH-eq3327T8uQNmq0_Vg54RYx1h829LSZ43RYko9sNDqy656jG","success":false,"reason":"Client error: `POST https:\/\/fcm.googleapis.com\/fcm\/send\/eeJj960l4yQ:APA91bE5e6-c8rp5a-Gack2qovvTrtpJzTag22GGF_dPG8O9fCR6h32iX4y7vFN_6ekR05xKAmuY9wM8bDftcBfF5RBH-eq3327T8uQNmq0_Vg54RYx1h829LSZ43RYko9sNDqy656jG` resulted in a `410 Gone` response:\npush subscription has unsubscribed or expired.\n\n","ts":"2026-04-09T23:58:09+00:00"}
{"event":"webpush_report","endpoint":"https:\/\/fcm.googleapis.com\/fcm\/send\/cLsjv1ZQz5g:APA91bFKgDBYS5sGDQ3_c-PmEMXIHMxTCfHUSDYlK63S2C-NhD6TC8xnj9DLadDgkLZLFdwMXvX79pvS58AM4Vr8DlMRCgv9VpOalOEJn2QgdFZtB1UfOBrtmuKTNJunhexL5rBWxVwB","success":true,"reason":"OK","ts":"2026-04-09T23:58:09+00:00"}
